enterprise:
    priv_key_path: tests/test-key/private.key
other:
    test-2: 123